ok M_c 2.4 f 0.35 tr 10.0 tc 2.0 Lc 0.6 L 4.93 C_T 0.8545 C_M -7.522
ok M_c 2.4 f 0.35 tr 10.0 tc 2.0 Lc 1.55 L 6.15 C_T 0.8802 C_M -6.994
ok M_c 2.4 f 0.35 tr 10.0 tc 2.0 Lc 2.5 L 6.99 C_T 0.8944 C_M -6.253
ok M_c 2.4 f 0.35 tr 10.0 tc 5.0 Lc 0.6 L 4.79 C_T 0.8556 C_M -7.249
ok M_c 2.4 f 0.35 tr 10.0 tc 5.0 Lc 1.55 L 5.66 C_T 0.8877 C_M -5.598
ok M_c 2.4 f 0.35 tr 10.0 tc 5.0 Lc 2.5 L 6.42 C_T 0.9002 C_M -4.782
ok M_c 2.4 f 0.35 tr 10.0 tc 8.0 Lc 0.6 L 4.79 C_T 0.8542 C_M -7.282
ok M_c 2.4 f 0.35 tr 10.0 tc 8.0 Lc 1.55 L 5.51 C_T 0.8861 C_M -5.350
ok M_c 2.4 f 0.35 tr 10.0 tc 8.0 Lc 2.5 L 5.66 C_T 0.8993 C_M -3.633
ok M_c 2.4 f 0.35 tr 16.0 tc 2.0 Lc 0.6 L 4.38 C_T 0.8761 C_M -5.124
ok M_c 2.4 f 0.35 tr 16.0 tc 2.0 Lc 1.55 L 5.46 C_T 0.9068 C_M -3.506
ok M_c 2.4 f 0.35 tr 16.0 tc 2.0 Lc 2.5 L 6.09 C_T 0.9173 C_M -2.381
ok M_c 2.4 f 0.35 tr 16.0 tc 5.0 Lc 0.6 L 4.37 C_T 0.8748 C_M -5.153
ok M_c 2.4 f 0.35 tr 16.0 tc 5.0 Lc 1.55 L 5.27 C_T 0.9036 C_M -3.199
ok M_c 2.4 f 0.35 tr 16.0 tc 5.0 Lc 2.5 L 5.35 C_T 0.9123 C_M -1.342
ok M_c 2.4 f 0.35 tr 16.0 tc 8.0 Lc 0.6 L 4.36 C_T 0.8736 C_M -5.181
ok M_c 2.4 f 0.35 tr 16.0 tc 8.0 Lc 1.55 L 5.18 C_T 0.8994 C_M -3.405
ok M_c 2.4 f 0.35 tr 16.0 tc 8.0 Lc 2.5 L 5.19 C_T 0.9107 C_M -1.648
ok M_c 2.4 f 0.35 tr 22.0 tc 2.0 Lc 0.6 L 3.52 C_T 0.8745 C_M -2.468
ok M_c 2.4 f 0.35 tr 22.0 tc 2.0 Lc 1.55 L 4.85 C_T 0.9049 C_M -0.940
ok M_c 2.4 f 0.35 tr 22.0 tc 2.0 Lc 2.5 L 4.85 C_T 0.9083 C_M +1.036
ok M_c 2.4 f 0.35 tr 22.0 tc 5.0 Lc 0.6 L 2.94 C_T 0.8656 C_M -2.075
ok M_c 2.4 f 0.35 tr 22.0 tc 5.0 Lc 1.55 L 2.99 C_T 0.8781 C_M +0.733
ok M_c 2.4 f 0.35 tr 22.0 tc 5.0 Lc 2.5 L 2.99 C_T 0.8810 C_M +1.466
ok M_c 2.4 f 0.35 tr 22.0 tc 8.0 Lc 0.6 L 2.90 C_T 0.8671 C_M -2.455
ok M_c 2.4 f 0.35 tr 22.0 tc 8.0 Lc 1.55 L 2.90 C_T 0.8839 C_M +0.012
ok M_c 2.4 f 0.35 tr 22.0 tc 8.0 Lc 2.5 L 2.90 C_T 0.8869 C_M +0.476
ok M_c 2.4 f 0.475 tr 10.0 tc 2.0 Lc 0.6 L 5.16 C_T 0.8469 C_M -8.201
ok M_c 2.4 f 0.475 tr 10.0 tc 2.0 Lc 1.55 L 6.19 C_T 0.8797 C_M -7.094
ok M_c 2.4 f 0.475 tr 10.0 tc 2.0 Lc 2.5 L 7.28 C_T 0.8894 C_M -7.028
ok M_c 2.4 f 0.475 tr 10.0 tc 5.0 Lc 0.6 L 5.15 C_T 0.8459 C_M -8.209
ok M_c 2.4 f 0.475 tr 10.0 tc 5.0 Lc 1.55 L 5.98 C_T 0.8825 C_M -6.512
ok M_c 2.4 f 0.475 tr 10.0 tc 5.0 Lc 2.5 L 6.55 C_T 0.8999 C_M -5.014
ok M_c 2.4 f 0.475 tr 10.0 tc 8.0 Lc 0.6 L 5.15 C_T 0.8449 C_M -8.221
ok M_c 2.4 f 0.475 tr 10.0 tc 8.0 Lc 1.55 L 6.01 C_T 0.8786 C_M -6.703
ok M_c 2.4 f 0.475 tr 10.0 tc 8.0 Lc 2.5 L 6.35 C_T 0.8967 C_M -5.019
ok M_c 2.4 f 0.475 tr 16.0 tc 2.0 Lc 0.6 L 4.42 C_T 0.8761 C_M -5.193
ok M_c 2.4 f 0.475 tr 16.0 tc 2.0 Lc 1.55 L 5.70 C_T 0.9060 C_M -4.191
ok M_c 2.4 f 0.475 tr 16.0 tc 2.0 Lc 2.5 L 6.21 C_T 0.9179 C_M -2.616
ok M_c 2.4 f 0.475 tr 16.0 tc 5.0 Lc 0.6 L 4.40 C_T 0.8749 C_M -5.205
ok M_c 2.4 f 0.475 tr 16.0 tc 5.0 Lc 1.55 L 5.69 C_T 0.9028 C_M -4.342
ok M_c 2.4 f 0.475 tr 16.0 tc 5.0 Lc 2.5 L 6.02 C_T 0.9151 C_M -2.682
ok M_c 2.4 f 0.475 tr 16.0 tc 8.0 Lc 0.6 L 4.39 C_T 0.8737 C_M -5.215
ok M_c 2.4 f 0.475 tr 16.0 tc 8.0 Lc 1.55 L 5.69 C_T 0.9000 C_M -4.462
ok M_c 2.4 f 0.475 tr 16.0 tc 8.0 Lc 2.5 L 5.87 C_T 0.9126 C_M -2.871
ok M_c 2.4 f 0.475 tr 22.0 tc 2.0 Lc 0.6 L 3.93 C_T 0.8785 C_M -3.640
ok M_c 2.4 f 0.475 tr 22.0 tc 2.0 Lc 1.55 L 4.93 C_T 0.9064 C_M -1.098
ok M_c 2.4 f 0.475 tr 22.0 tc 2.0 Lc 2.5 L 4.96 C_T 0.9100 C_M +0.862
-- M_c 2.4 f 0.475 tr 22.0 tc 5.0 Lc 0.6: c からの C⁻ が上壁に届かず (0.002,1.001) で停止。M_c/f
ok M_c 2.4 f 0.475 tr 22.0 tc 5.0 Lc 1.55 L 4.19 C_T 0.8945 C_M -0.616
ok M_c 2.4 f 0.475 tr 22.0 tc 5.0 Lc 2.5 L 4.20 C_T 0.9021 C_M +1.268
-- M_c 2.4 f 0.475 tr 22.0 tc 8.0 Lc 0.6: c からの C⁻ が上壁に届かず (0.002,1.000) で停止。M_c/f
-- M_c 2.4 f 0.475 tr 22.0 tc 8.0 Lc 1.55: c からの C⁻ が上壁に届かず (0.001,1.000) で停止。M_c/f
-- M_c 2.4 f 0.475 tr 22.0 tc 8.0 Lc 2.5: c からの C⁻ が上壁に届かず (0.001,1.000) で停止。M_c/f
ok M_c 2.4 f 0.6 tr 10.0 tc 2.0 Lc 0.6 L 5.20 C_T 0.8462 C_M -8.293
ok M_c 2.4 f 0.6 tr 10.0 tc 2.0 Lc 1.55 L 6.38 C_T 0.8720 C_M -7.800
ok M_c 2.4 f 0.6 tr 10.0 tc 2.0 Lc 2.5 L 7.32 C_T 0.8890 C_M -7.122
ok M_c 2.4 f 0.6 tr 10.0 tc 5.0 Lc 0.6 L 5.19 C_T 0.8453 C_M -8.285
ok M_c 2.4 f 0.6 tr 10.0 tc 5.0 Lc 1.55 L 6.37 C_T 0.8682 C_M -7.904
ok M_c 2.4 f 0.6 tr 10.0 tc 5.0 Lc 2.5 L 7.11 C_T 0.8942 C_M -6.335
ok M_c 2.4 f 0.6 tr 10.0 tc 8.0 Lc 0.6 L 5.18 C_T 0.8445 C_M -8.276
ok M_c 2.4 f 0.6 tr 10.0 tc 8.0 Lc 1.55 L 6.38 C_T 0.8649 C_M -8.002
ok M_c 2.4 f 0.6 tr 10.0 tc 8.0 Lc 2.5 L 7.02 C_T 0.8881 C_M -6.577
ok M_c 2.4 f 0.6 tr 16.0 tc 2.0 Lc 0.6 L 4.75 C_T 0.8683 C_M -6.397
ok M_c 2.4 f 0.6 tr 16.0 tc 2.0 Lc 1.55 L 5.82 C_T 0.9055 C_M -4.511
ok M_c 2.4 f 0.6 tr 16.0 tc 2.0 Lc 2.5 L 6.68 C_T 0.9174 C_M -3.739
ok M_c 2.4 f 0.6 tr 16.0 tc 5.0 Lc 0.6 L 4.79 C_T 0.8653 C_M -6.610
ok M_c 2.4 f 0.6 tr 16.0 tc 5.0 Lc 1.55 L 5.77 C_T 0.9028 C_M -4.520
ok M_c 2.4 f 0.6 tr 16.0 tc 5.0 Lc 2.5 L 6.40 C_T 0.9150 C_M -3.511
-- M_c 2.4 f 0.6 tr 16.0 tc 8.0 Lc 0.6: c からの C⁻ が上壁に届かず (0.001,1.000) で停止。M_c/f
ok M_c 2.4 f 0.6 tr 16.0 tc 8.0 Lc 1.55 L 5.73 C_T 0.9001 C_M -4.532
ok M_c 2.4 f 0.6 tr 16.0 tc 8.0 Lc 2.5 L 6.00 C_T 0.9129 C_M -3.103
-- M_c 2.4 f 0.6 tr 22.0 tc 2.0 Lc 0.6: c=(1.859,0.434) からの C⁻ がランプ角部 (0,1) に達した
ok M_c 2.4 f 0.6 tr 22.0 tc 2.0 Lc 1.55 L 5.15 C_T 0.9094 C_M -1.690
ok M_c 2.4 f 0.6 tr 22.0 tc 2.0 Lc 2.5 L 5.25 C_T 0.9145 C_M +0.369
-- M_c 2.4 f 0.6 tr 22.0 tc 5.0 Lc 0.6: c=(1.877,0.390) からの C⁻ がランプ角部 (0,1) に達した
ok M_c 2.4 f 0.6 tr 22.0 tc 5.0 Lc 1.55 L 5.21 C_T 0.9069 C_M -2.264
ok M_c 2.4 f 0.6 tr 22.0 tc 5.0 Lc 2.5 L 5.21 C_T 0.9144 C_M -0.396
-- M_c 2.4 f 0.6 tr 22.0 tc 8.0 Lc 0.6: c からの C⁻ が上壁に届かず (0.001,1.000) で停止。M_c/f
ok M_c 2.4 f 0.6 tr 22.0 tc 8.0 Lc 1.55 L 5.17 C_T 0.9012 C_M -3.117
ok M_c 2.4 f 0.6 tr 22.0 tc 8.0 Lc 2.5 L 5.17 C_T 0.9127 C_M -1.336
ok M_c 2.7 f 0.35 tr 10.0 tc 2.0 Lc 0.6 L 7.71 C_T 0.8545 C_M -9.432
ok M_c 2.7 f 0.35 tr 10.0 tc 2.0 Lc 1.55 L 9.06 C_T 0.8819 C_M -9.068
ok M_c 2.7 f 0.35 tr 10.0 tc 2.0 Lc 2.5 L 9.88 C_T 0.9014 C_M -8.261
ok M_c 2.7 f 0.35 tr 10.0 tc 5.0 Lc 0.6 L 7.61 C_T 0.8587 C_M -9.093
ok M_c 2.7 f 0.35 tr 10.0 tc 5.0 Lc 1.55 L 9.02 C_T 0.8880 C_M -8.558
ok M_c 2.7 f 0.35 tr 10.0 tc 5.0 Lc 2.5 L 9.89 C_T 0.9081 C_M -7.671
ok M_c 2.7 f 0.35 tr 10.0 tc 8.0 Lc 0.6 L 7.37 C_T 0.8618 C_M -8.675
ok M_c 2.7 f 0.35 tr 10.0 tc 8.0 Lc 1.55 L 8.40 C_T 0.8960 C_M -7.341
ok M_c 2.7 f 0.35 tr 10.0 tc 8.0 Lc 2.5 L 9.67 C_T 0.9131 C_M -6.868
ok M_c 2.7 f 0.35 tr 16.0 tc 2.0 Lc 0.6 L 7.33 C_T 0.8857 C_M -7.278
ok M_c 2.7 f 0.35 tr 16.0 tc 2.0 Lc 1.55 L 8.80 C_T 0.9191 C_M -6.431
ok M_c 2.7 f 0.35 tr 16.0 tc 2.0 Lc 2.5 L 9.67 C_T 0.9373 C_M -5.351
ok M_c 2.7 f 0.35 tr 16.0 tc 5.0 Lc 0.6 L 7.05 C_T 0.8868 C_M -6.859
ok M_c 2.7 f 0.35 tr 16.0 tc 5.0 Lc 1.55 L 8.16 C_T 0.9213 C_M -5.254
ok M_c 2.7 f 0.35 tr 16.0 tc 5.0 Lc 2.5 L 9.46 C_T 0.9387 C_M -4.627
ok M_c 2.7 f 0.35 tr 16.0 tc 8.0 Lc 0.6 L 7.00 C_T 0.8851 C_M -6.870
ok M_c 2.7 f 0.35 tr 16.0 tc 8.0 Lc 1.55 L 7.81 C_T 0.9186 C_M -4.869
ok M_c 2.7 f 0.35 tr 16.0 tc 8.0 Lc 2.5 L 8.34 C_T 0.9350 C_M -3.253
ok M_c 2.7 f 0.35 tr 22.0 tc 2.0 Lc 0.6 L 6.45 C_T 0.8983 C_M -4.932
ok M_c 2.7 f 0.35 tr 22.0 tc 2.0 Lc 1.55 L 7.80 C_T 0.9326 C_M -3.220
ok M_c 2.7 f 0.35 tr 22.0 tc 2.0 Lc 2.5 L 9.10 C_T 0.9490 C_M -2.414
ok M_c 2.7 f 0.35 tr 22.0 tc 5.0 Lc 0.6 L 6.41 C_T 0.8966 C_M -4.971
ok M_c 2.7 f 0.35 tr 22.0 tc 5.0 Lc 1.55 L 7.39 C_T 0.9276 C_M -2.799
ok M_c 2.7 f 0.35 tr 22.0 tc 5.0 Lc 2.5 L 7.81 C_T 0.9395 C_M -1.022
ok M_c 2.7 f 0.35 tr 22.0 tc 8.0 Lc 0.6 L 6.40 C_T 0.8951 C_M -5.032
ok M_c 2.7 f 0.35 tr 22.0 tc 8.0 Lc 1.55 L 7.42 C_T 0.9248 C_M -3.078
ok M_c 2.7 f 0.35 tr 22.0 tc 8.0 Lc 2.5 L 7.66 C_T 0.9380 C_M -1.335
ok M_c 2.7 f 0.475 tr 10.0 tc 2.0 Lc 0.6 L 8.44 C_T 0.8399 C_M -10.605
ok M_c 2.7 f 0.475 tr 10.0 tc 2.0 Lc 1.55 L 9.78 C_T 0.8683 C_M -10.291
ok M_c 2.7 f 0.475 tr 10.0 tc 2.0 Lc 2.5 L 10.59 C_T 0.8903 C_M -9.529
ok M_c 2.7 f 0.475 tr 10.0 tc 5.0 Lc 0.6 L 8.22 C_T 0.8457 C_M -10.154
ok M_c 2.7 f 0.475 tr 10.0 tc 5.0 Lc 1.55 L 9.26 C_T 0.8855 C_M -8.897
ok M_c 2.7 f 0.475 tr 10.0 tc 5.0 Lc 2.5 L 10.47 C_T 0.9003 C_M -8.690
ok M_c 2.7 f 0.475 tr 10.0 tc 8.0 Lc 0.6 L 8.17 C_T 0.8443 C_M -10.145
ok M_c 2.7 f 0.475 tr 10.0 tc 8.0 Lc 1.55 L 8.96 C_T 0.8882 C_M -8.371
ok M_c 2.7 f 0.475 tr 10.0 tc 8.0 Lc 2.5 L 9.86 C_T 0.9122 C_M -7.127
ok M_c 2.7 f 0.475 tr 16.0 tc 2.0 Lc 0.6 L 7.76 C_T 0.8795 C_M -8.061
ok M_c 2.7 f 0.475 tr 16.0 tc 2.0 Lc 1.55 L 9.09 C_T 0.9175 C_M -6.847
ok M_c 2.7 f 0.475 tr 16.0 tc 2.0 Lc 2.5 L 10.31 C_T 0.9334 C_M -6.450
ok M_c 2.7 f 0.475 tr 16.0 tc 5.0 Lc 0.6 L 7.73 C_T 0.8780 C_M -8.073
ok M_c 2.7 f 0.475 tr 16.0 tc 5.0 Lc 1.55 L 8.70 C_T 0.9183 C_M -6.204
ok M_c 2.7 f 0.475 tr 16.0 tc 5.0 Lc 2.5 L 9.66 C_T 0.9388 C_M -4.880
ok M_c 2.7 f 0.475 tr 16.0 tc 8.0 Lc 0.6 L 7.72 C_T 0.8765 C_M -8.110
ok M_c 2.7 f 0.475 tr 16.0 tc 8.0 Lc 1.55 L 8.70 C_T 0.9139 C_M -6.423
ok M_c 2.7 f 0.475 tr 16.0 tc 8.0 Lc 2.5 L 9.44 C_T 0.9362 C_M -4.703
ok M_c 2.7 f 0.475 tr 22.0 tc 2.0 Lc 0.6 L 6.60 C_T 0.8986 C_M -5.122
ok M_c 2.7 f 0.475 tr 22.0 tc 2.0 Lc 1.55 L 8.18 C_T 0.9331 C_M -3.931
ok M_c 2.7 f 0.475 tr 22.0 tc 2.0 Lc 2.5 L 9.30 C_T 0.9501 C_M -2.673
ok M_c 2.7 f 0.475 tr 22.0 tc 5.0 Lc 0.6 L 6.56 C_T 0.8970 C_M -5.146
ok M_c 2.7 f 0.475 tr 22.0 tc 5.0 Lc 1.55 L 8.14 C_T 0.9295 C_M -4.112
ok M_c 2.7 f 0.475 tr 22.0 tc 5.0 Lc 2.5 L 8.91 C_T 0.9460 C_M -2.469
ok M_c 2.7 f 0.475 tr 22.0 tc 8.0 Lc 0.6 L 6.53 C_T 0.8955 C_M -5.166
ok M_c 2.7 f 0.475 tr 22.0 tc 8.0 Lc 1.55 L 8.13 C_T 0.9263 C_M -4.267
ok M_c 2.7 f 0.475 tr 22.0 tc 8.0 Lc 2.5 L 8.80 C_T 0.9431 C_M -2.819
ok M_c 2.7 f 0.6 tr 10.0 tc 2.0 Lc 0.6 L 8.78 C_T 0.8238 C_M -11.475
ok M_c 2.7 f 0.6 tr 10.0 tc 2.0 Lc 1.55 L 9.99 C_T 0.8639 C_M -10.660
ok M_c 2.7 f 0.6 tr 10.0 tc 2.0 Lc 2.5 L 11.10 C_T 0.8749 C_M -10.739
ok M_c 2.7 f 0.6 tr 10.0 tc 5.0 Lc 0.6 L 8.76 C_T 0.8227 C_M -11.476
ok M_c 2.7 f 0.6 tr 10.0 tc 5.0 Lc 1.55 L 9.72 C_T 0.8711 C_M -10.018
ok M_c 2.7 f 0.6 tr 10.0 tc 5.0 Lc 2.5 L 10.63 C_T 0.8985 C_M -8.947
ok M_c 2.7 f 0.6 tr 10.0 tc 8.0 Lc 0.6 L 8.76 C_T 0.8215 C_M -11.490
ok M_c 2.7 f 0.6 tr 10.0 tc 8.0 Lc 1.55 L 9.72 C_T 0.8656 C_M -10.192
ok M_c 2.7 f 0.6 tr 10.0 tc 8.0 Lc 2.5 L 10.47 C_T 0.8992 C_M -8.618
ok M_c 2.7 f 0.6 tr 16.0 tc 2.0 Lc 0.6 L 7.90 C_T 0.8782 C_M -8.254
ok M_c 2.7 f 0.6 tr 16.0 tc 2.0 Lc 1.55 L 9.41 C_T 0.9106 C_M -7.658
ok M_c 2.7 f 0.6 tr 16.0 tc 2.0 Lc 2.5 L 10.50 C_T 0.9322 C_M -6.765
ok M_c 2.7 f 0.6 tr 16.0 tc 5.0 Lc 0.6 L 7.87 C_T 0.8770 C_M -8.255
ok M_c 2.7 f 0.6 tr 16.0 tc 5.0 Lc 1.55 L 9.37 C_T 0.9063 C_M -7.777
ok M_c 2.7 f 0.6 tr 16.0 tc 5.0 Lc 2.5 L 10.26 C_T 0.9328 C_M -6.274
ok M_c 2.7 f 0.6 tr 16.0 tc 8.0 Lc 0.6 L 7.86 C_T 0.8758 C_M -8.261
ok M_c 2.7 f 0.6 tr 16.0 tc 8.0 Lc 1.55 L 9.37 C_T 0.9028 C_M -7.886
ok M_c 2.7 f 0.6 tr 16.0 tc 8.0 Lc 2.5 L 10.31 C_T 0.9282 C_M -6.551
-- M_c 2.7 f 0.6 tr 22.0 tc 2.0 Lc 0.6: c からの C⁻ が上壁に届かず (0.001,1.000) で停止。M_c/f
ok M_c 2.7 f 0.6 tr 22.0 tc 2.0 Lc 1.55 L 8.39 C_T 0.9334 C_M -4.279
ok M_c 2.7 f 0.6 tr 22.0 tc 2.0 Lc 2.5 L 9.74 C_T 0.9501 C_M -3.689
-- M_c 2.7 f 0.6 tr 22.0 tc 5.0 Lc 0.6: c からの C⁻ が上壁に届かず (0.002,1.000) で停止。M_c/f
ok M_c 2.7 f 0.6 tr 22.0 tc 5.0 Lc 1.55 L 8.30 C_T 0.9299 C_M -4.310
ok M_c 2.7 f 0.6 tr 22.0 tc 5.0 Lc 2.5 L 9.72 C_T 0.9476 C_M -3.782
-- M_c 2.7 f 0.6 tr 22.0 tc 8.0 Lc 0.6: c からの C⁻ が上壁に届かず (0.001,1.000) で停止。M_c/f
ok M_c 2.7 f 0.6 tr 22.0 tc 8.0 Lc 1.55 L 8.25 C_T 0.9267 C_M -4.391
ok M_c 2.7 f 0.6 tr 22.0 tc 8.0 Lc 2.5 L 9.36 C_T 0.9442 C_M -3.572
ok M_c 3.0 f 0.35 tr 10.0 tc 2.0 Lc 0.6 L 11.79 C_T 0.8598 C_M -10.400
ok M_c 3.0 f 0.35 tr 10.0 tc 2.0 Lc 1.55 L 13.28 C_T 0.8875 C_M -10.150
ok M_c 3.0 f 0.35 tr 10.0 tc 2.0 Lc 2.5 L 14.49 C_T 0.9049 C_M -9.837
ok M_c 3.0 f 0.35 tr 10.0 tc 5.0 Lc 0.6 L 11.85 C_T 0.8613 C_M -10.312
ok M_c 3.0 f 0.35 tr 10.0 tc 5.0 Lc 1.55 L 13.44 C_T 0.8916 C_M -9.904
ok M_c 3.0 f 0.35 tr 10.0 tc 5.0 Lc 2.5 L 14.54 C_T 0.9124 C_M -9.267
ok M_c 3.0 f 0.35 tr 10.0 tc 8.0 Lc 0.6 L 11.75 C_T 0.8628 C_M -10.138
ok M_c 3.0 f 0.35 tr 10.0 tc 8.0 Lc 1.55 L 13.46 C_T 0.8940 C_M -9.630
ok M_c 3.0 f 0.35 tr 10.0 tc 8.0 Lc 2.5 L 14.52 C_T 0.9170 C_M -8.748
ok M_c 3.0 f 0.35 tr 16.0 tc 2.0 Lc 0.6 L 11.56 C_T 0.8919 C_M -8.520
ok M_c 3.0 f 0.35 tr 16.0 tc 2.0 Lc 1.55 L 13.24 C_T 0.9267 C_M -7.810
ok M_c 3.0 f 0.35 tr 16.0 tc 2.0 Lc 2.5 L 14.29 C_T 0.9469 C_M -6.934
ok M_c 3.0 f 0.35 tr 16.0 tc 5.0 Lc 0.6 L 11.42 C_T 0.8924 C_M -8.336
ok M_c 3.0 f 0.35 tr 16.0 tc 5.0 Lc 1.55 L 13.21 C_T 0.9274 C_M -7.516
ok M_c 3.0 f 0.35 tr 16.0 tc 5.0 Lc 2.5 L 14.26 C_T 0.9489 C_M -6.447
ok M_c 3.0 f 0.35 tr 16.0 tc 8.0 Lc 0.6 L 11.19 C_T 0.8939 C_M -7.968
ok M_c 3.0 f 0.35 tr 16.0 tc 8.0 Lc 1.55 L 12.56 C_T 0.9289 C_M -6.644
ok M_c 3.0 f 0.35 tr 16.0 tc 8.0 Lc 2.5 L 13.97 C_T 0.9490 C_M -5.867
ok M_c 3.0 f 0.35 tr 22.0 tc 2.0 Lc 0.6 L 10.91 C_T 0.9089 C_M -6.601
ok M_c 3.0 f 0.35 tr 22.0 tc 2.0 Lc 1.55 L 12.77 C_T 0.9464 C_M -5.428
ok M_c 3.0 f 0.35 tr 22.0 tc 2.0 Lc 2.5 L 13.77 C_T 0.9650 C_M -4.161
ok M_c 3.0 f 0.35 tr 22.0 tc 5.0 Lc 0.6 L 10.62 C_T 0.9087 C_M -6.229
ok M_c 3.0 f 0.35 tr 22.0 tc 5.0 Lc 1.55 L 12.06 C_T 0.9439 C_M -4.593
ok M_c 3.0 f 0.35 tr 22.0 tc 5.0 Lc 2.5 L 13.48 C_T 0.9627 C_M -3.649
ok M_c 3.0 f 0.35 tr 22.0 tc 8.0 Lc 0.6 L 10.47 C_T 0.9068 C_M -6.218
ok M_c 3.0 f 0.35 tr 22.0 tc 8.0 Lc 1.55 L 11.40 C_T 0.9395 C_M -4.145
ok M_c 3.0 f 0.35 tr 22.0 tc 8.0 Lc 2.5 L 12.46 C_T 0.9572 C_M -2.603
ok M_c 3.0 f 0.475 tr 10.0 tc 2.0 Lc 0.6 L 13.29 C_T 0.8373 C_M -12.136
ok M_c 3.0 f 0.475 tr 10.0 tc 2.0 Lc 1.55 L 14.82 C_T 0.8678 C_M -11.912
ok M_c 3.0 f 0.475 tr 10.0 tc 2.0 Lc 2.5 L 15.77 C_T 0.8914 C_M -11.295
ok M_c 3.0 f 0.475 tr 10.0 tc 5.0 Lc 0.6 L 13.21 C_T 0.8421 C_M -11.857
ok M_c 3.0 f 0.475 tr 10.0 tc 5.0 Lc 1.55 L 14.82 C_T 0.8743 C_M -11.499
ok M_c 3.0 f 0.475 tr 10.0 tc 5.0 Lc 2.5 L 15.82 C_T 0.9000 C_M -10.722
ok M_c 3.0 f 0.475 tr 10.0 tc 8.0 Lc 0.6 L 13.04 C_T 0.8480 C_M -11.451
ok M_c 3.0 f 0.475 tr 10.0 tc 8.0 Lc 1.55 L 14.29 C_T 0.8880 C_M -10.372
ok M_c 3.0 f 0.475 tr 10.0 tc 8.0 Lc 2.5 L 15.61 C_T 0.9073 C_M -10.000
ok M_c 3.0 f 0.475 tr 16.0 tc 2.0 Lc 0.6 L 12.96 C_T 0.8789 C_M -10.054
ok M_c 3.0 f 0.475 tr 16.0 tc 2.0 Lc 1.55 L 14.69 C_T 0.9160 C_M -9.400
ok M_c 3.0 f 0.475 tr 16.0 tc 2.0 Lc 2.5 L 15.66 C_T 0.9401 C_M -8.422
ok M_c 3.0 f 0.475 tr 16.0 tc 5.0 Lc 0.6 L 12.73 C_T 0.8827 C_M -9.636
ok M_c 3.0 f 0.475 tr 16.0 tc 5.0 Lc 1.55 L 14.10 C_T 0.9238 C_M -8.309
ok M_c 3.0 f 0.475 tr 16.0 tc 5.0 Lc 2.5 L 15.45 C_T 0.9436 C_M -7.766
ok M_c 3.0 f 0.475 tr 16.0 tc 8.0 Lc 0.6 L 12.59 C_T 0.8811 C_M -9.606
ok M_c 3.0 f 0.475 tr 16.0 tc 8.0 Lc 1.55 L 13.54 C_T 0.9242 C_M -7.748
ok M_c 3.0 f 0.475 tr 16.0 tc 8.0 Lc 2.5 L 14.60 C_T 0.9483 C_M -6.422
ok M_c 3.0 f 0.475 tr 22.0 tc 2.0 Lc 0.6 L 11.90 C_T 0.9051 C_M -7.609
ok M_c 3.0 f 0.475 tr 22.0 tc 2.0 Lc 1.55 L 13.67 C_T 0.9455 C_M -6.253
ok M_c 3.0 f 0.475 tr 22.0 tc 2.0 Lc 2.5 L 15.03 C_T 0.9645 C_M -5.521
ok M_c 3.0 f 0.475 tr 22.0 tc 5.0 Lc 0.6 L 11.80 C_T 0.9033 C_M -7.622
ok M_c 3.0 f 0.475 tr 22.0 tc 5.0 Lc 1.55 L 13.03 C_T 0.9435 C_M -5.640
ok M_c 3.0 f 0.475 tr 22.0 tc 5.0 Lc 2.5 L 14.13 C_T 0.9640 C_M -4.201
ok M_c 3.0 f 0.475 tr 22.0 tc 8.0 Lc 0.6 L 11.79 C_T 0.9016 C_M -7.678
ok M_c 3.0 f 0.475 tr 22.0 tc 8.0 Lc 1.55 L 12.99 C_T 0.9391 C_M -5.889
ok M_c 3.0 f 0.475 tr 22.0 tc 8.0 Lc 2.5 L 13.84 C_T 0.9605 C_M -4.144
ok M_c 3.0 f 0.6 tr 10.0 tc 2.0 Lc 0.6 L 14.47 C_T 0.8084 C_M -13.798
ok M_c 3.0 f 0.6 tr 10.0 tc 2.0 Lc 1.55 L 15.94 C_T 0.8401 C_M -13.638
ok M_c 3.0 f 0.6 tr 10.0 tc 2.0 Lc 2.5 L 16.88 C_T 0.8680 C_M -13.031
ok M_c 3.0 f 0.6 tr 10.0 tc 5.0 Lc 0.6 L 14.21 C_T 0.8149 C_M -13.395
ok M_c 3.0 f 0.6 tr 10.0 tc 5.0 Lc 1.55 L 15.51 C_T 0.8655 C_M -12.244
ok M_c 3.0 f 0.6 tr 10.0 tc 5.0 Lc 2.5 L 16.75 C_T 0.8818 C_M -12.181
ok M_c 3.0 f 0.6 tr 10.0 tc 8.0 Lc 0.6 L 14.12 C_T 0.8132 C_M -13.380
ok M_c 3.0 f 0.6 tr 10.0 tc 8.0 Lc 1.55 L 15.14 C_T 0.8690 C_M -11.797
ok M_c 3.0 f 0.6 tr 10.0 tc 8.0 Lc 2.5 L 16.16 C_T 0.9019 C_M -10.621
ok M_c 3.0 f 0.6 tr 16.0 tc 2.0 Lc 0.6 L 13.73 C_T 0.8644 C_M -11.170
ok M_c 3.0 f 0.6 tr 16.0 tc 2.0 Lc 1.55 L 15.43 C_T 0.9089 C_M -10.225
ok M_c 3.0 f 0.6 tr 16.0 tc 2.0 Lc 2.5 L 16.73 C_T 0.9269 C_M -9.994
ok M_c 3.0 f 0.6 tr 16.0 tc 5.0 Lc 0.6 L 13.69 C_T 0.8629 C_M -11.178
ok M_c 3.0 f 0.6 tr 16.0 tc 5.0 Lc 1.55 L 14.97 C_T 0.9119 C_M -9.644
ok M_c 3.0 f 0.6 tr 16.0 tc 5.0 Lc 2.5 L 16.05 C_T 0.9407 C_M -8.398
ok M_c 3.0 f 0.6 tr 16.0 tc 8.0 Lc 0.6 L 13.69 C_T 0.8615 C_M -11.199
ok M_c 3.0 f 0.6 tr 16.0 tc 8.0 Lc 1.55 L 14.91 C_T 0.9059 C_M -9.848
ok M_c 3.0 f 0.6 tr 16.0 tc 8.0 Lc 2.5 L 15.78 C_T 0.9379 C_M -8.246
ok M_c 3.0 f 0.6 tr 22.0 tc 2.0 Lc 0.6 L 12.71 C_T 0.9034 C_M -8.235
ok M_c 3.0 f 0.6 tr 22.0 tc 2.0 Lc 1.55 L 14.26 C_T 0.9405 C_M -7.217
ok M_c 3.0 f 0.6 tr 22.0 tc 2.0 Lc 2.5 L 15.66 C_T 0.9637 C_M -6.168
ok M_c 3.0 f 0.6 tr 22.0 tc 5.0 Lc 0.6 L 12.63 C_T 0.8997 C_M -8.394
ok M_c 3.0 f 0.6 tr 22.0 tc 5.0 Lc 1.55 L 14.20 C_T 0.9364 C_M -7.350
ok M_c 3.0 f 0.6 tr 22.0 tc 5.0 Lc 2.5 L 15.31 C_T 0.9608 C_M -5.953
ok M_c 3.0 f 0.6 tr 22.0 tc 8.0 Lc 0.6 L 12.59 C_T 0.8963 C_M -8.553
ok M_c 3.0 f 0.6 tr 22.0 tc 8.0 Lc 1.55 L 14.16 C_T 0.9328 C_M -7.438
ok M_c 3.0 f 0.6 tr 22.0 tc 8.0 Lc 2.5 L 15.35 C_T 0.9562 C_M -6.268
ok M_c 3.3 f 0.35 tr 10.0 tc 2.0 Lc 0.6 L 18.38 C_T 0.8652 C_M -10.860
ok M_c 3.3 f 0.35 tr 10.0 tc 5.0 Lc 0.6 L 18.48 C_T 0.8668 C_M -10.786
ok M_c 3.3 f 0.35 tr 10.0 tc 8.0 Lc 0.6 L 18.55 C_T 0.8675 C_M -10.716
ok M_c 3.3 f 0.35 tr 16.0 tc 2.0 Lc 0.6 L 18.15 C_T 0.8978 C_M -8.981
ok M_c 3.3 f 0.35 tr 16.0 tc 5.0 Lc 0.6 L 18.20 C_T 0.8979 C_M -8.918
ok M_c 3.3 f 0.35 tr 16.0 tc 8.0 Lc 0.6 L 18.07 C_T 0.8976 C_M -8.812
ok M_c 3.3 f 0.35 tr 22.0 tc 2.0 Lc 0.6 L 17.59 C_T 0.9152 C_M -7.194
ok M_c 3.3 f 0.35 tr 22.0 tc 2.0 Lc 1.55 L 19.73 C_T 0.9532 C_M -6.096
ok M_c 3.3 f 0.35 tr 22.0 tc 5.0 Lc 0.6 L 17.39 C_T 0.9141 C_M -7.088
ok M_c 3.3 f 0.35 tr 22.0 tc 5.0 Lc 1.55 L 19.66 C_T 0.9508 C_M -5.922
ok M_c 3.3 f 0.35 tr 22.0 tc 8.0 Lc 0.6 L 17.21 C_T 0.9134 C_M -6.827
ok M_c 3.3 f 0.35 tr 22.0 tc 8.0 Lc 1.55 L 18.97 C_T 0.9476 C_M -5.373
ok M_c 3.3 f 0.475 tr 22.0 tc 5.0 Lc 0.6 L 19.99 C_T 0.9091 C_M -8.635
ok M_c 3.3 f 0.475 tr 22.0 tc 8.0 Lc 0.6 L 19.70 C_T 0.9071 C_M -8.615

成立 246 / 324 点
L_ramp  min    2.898 p10    5.053 p25    6.374 med    9.283 p75   13.477 p90   15.638 max   19.992
C_T     min    0.808 p10    0.861 p25    0.878 med    0.900 p75    0.923 p90    0.944 max    0.965
C_L     min   -0.079 p10    0.080 p25    0.158 med    0.260 p75    0.343 p90    0.428 max    0.549
C_M     min  -13.798 p10  -10.688 p25   -8.687 med   -6.863 p75   -4.513 p90   -2.536 max    1.466

-- C_T 上位 8 --
M_c 3.00 f 0.350 tr 22.0 tc 2.0 Lc 2.50 | L  13.77 C_T 0.9650 C_L +0.0974 C_M   -4.161
M_c 3.00 f 0.475 tr 22.0 tc 2.0 Lc 2.50 | L  15.03 C_T 0.9645 C_L +0.1424 C_M   -5.521
M_c 3.00 f 0.475 tr 22.0 tc 5.0 Lc 2.50 | L  14.13 C_T 0.9640 C_L +0.1032 C_M   -4.201
M_c 3.00 f 0.600 tr 22.0 tc 2.0 Lc 2.50 | L  15.66 C_T 0.9637 C_L +0.1635 C_M   -6.168
M_c 3.00 f 0.350 tr 22.0 tc 5.0 Lc 2.50 | L  13.48 C_T 0.9627 C_L +0.0854 C_M   -3.649
M_c 3.00 f 0.600 tr 22.0 tc 5.0 Lc 2.50 | L  15.31 C_T 0.9608 C_L +0.1655 C_M   -5.953
M_c 3.00 f 0.475 tr 22.0 tc 8.0 Lc 2.50 | L  13.84 C_T 0.9605 C_L +0.1110 C_M   -4.144
M_c 3.00 f 0.350 tr 22.0 tc 8.0 Lc 2.50 | L  12.46 C_T 0.9572 C_L +0.0580 C_M   -2.603
